[0.009s] Invoking command in '/home/ved/arm_ws/build/Robo_description': CMAKE_PREFIX_PATH=${CMAKE_PREFIX_PATH}:/home/ved/ros2_ws/install/my_robot_controller:/home/ved/ws_moveit/install/moveit_configs_utils:/opt/ros/humble /usr/bin/cmake /home/ved/arm_ws/src/Robo_description -DAMENT_CMAKE_SYMLINK_INSTALL=1 -DCMAKE_INSTALL_PREFIX=/home/ved/arm_ws/install/Robo_description
[0.218s] -- The C compiler identification is GNU 11.4.0
[0.309s] -- The CXX compiler identification is GNU 11.4.0
[0.316s] -- Detecting C compiler ABI info
[0.392s] -- Detecting C compiler ABI info - done
[0.397s] -- Check for working C compiler: /usr/bin/cc - skipped
[0.398s] -- Detecting C compile features
[0.398s] -- Detecting C compile features - done
[0.401s] -- Detecting CXX compiler ABI info
[0.491s] -- Detecting CXX compiler ABI info - done
[0.497s] -- Check for working CXX compiler: /usr/bin/c++ - skipped
[0.497s] -- Detecting CXX compile features
[0.497s] -- Detecting CXX compile features - done
[0.505s] -- Found ament_cmake: 1.3.12 (/opt/ros/humble/share/ament_cmake/cmake)
[0.615s] -- Found Python3: /usr/bin/python3 (found version "3.10.12") found components: Interpreter 
[0.663s] -- Override CMake install command with custom implementation using symlinks instead of copying resources
[0.724s] -- Found ament_lint_auto: 0.12.14 (/opt/ros/humble/share/ament_lint_auto/cmake)
[0.758s] WARNING: Package name "Robo_description" does not follow the naming conventions. It should start with a lower case letter and only contain lower case letters, digits, underscores, and dashes.
[0.799s] -- Added test 'copyright' to check source files copyright and LICENSE
[0.801s] -- Added test 'flake8' to check Python code syntax and style conventions
[0.801s] -- Added test 'lint_cmake' to check CMake code style
[0.802s] -- Added test 'pep257' to check Python code against some of the docstring style conventions in PEP 257
[0.803s] -- Added test 'xmllint' to check XML markup files
[0.805s] -- Configuring done
[0.806s] -- Generating done
[0.807s] -- Build files have been written to: /home/ved/arm_ws/build/Robo_description
[0.810s] Invoked command in '/home/ved/arm_ws/build/Robo_description' returned '0': CMAKE_PREFIX_PATH=${CMAKE_PREFIX_PATH}:/home/ved/ros2_ws/install/my_robot_controller:/home/ved/ws_moveit/install/moveit_configs_utils:/opt/ros/humble /usr/bin/cmake /home/ved/arm_ws/src/Robo_description -DAMENT_CMAKE_SYMLINK_INSTALL=1 -DCMAKE_INSTALL_PREFIX=/home/ved/arm_ws/install/Robo_description
[0.811s] Invoking command in '/home/ved/arm_ws/build/Robo_description': CMAKE_PREFIX_PATH=${CMAKE_PREFIX_PATH}:/home/ved/ros2_ws/install/my_robot_controller:/home/ved/ws_moveit/install/moveit_configs_utils:/opt/ros/humble /usr/bin/cmake --build /home/ved/arm_ws/build/Robo_description -- -j16 -l16
[0.851s] Invoked command in '/home/ved/arm_ws/build/Robo_description' returned '0': CMAKE_PREFIX_PATH=${CMAKE_PREFIX_PATH}:/home/ved/ros2_ws/install/my_robot_controller:/home/ved/ws_moveit/install/moveit_configs_utils:/opt/ros/humble /usr/bin/cmake --build /home/ved/arm_ws/build/Robo_description -- -j16 -l16
[0.860s] Invoking command in '/home/ved/arm_ws/build/Robo_description': CMAKE_PREFIX_PATH=${CMAKE_PREFIX_PATH}:/home/ved/ros2_ws/install/my_robot_controller:/home/ved/ws_moveit/install/moveit_configs_utils:/opt/ros/humble /usr/bin/cmake --install /home/ved/arm_ws/build/Robo_description
[0.867s] -- Install configuration: ""
[0.868s] -- Execute custom install script
[0.868s] -- Symlinking: /home/ved/arm_ws/install/Robo_description/share/Robo_description/launch/display.launch.py
[0.876s] -- Symlinking: /home/ved/arm_ws/install/Robo_description/share/Robo_description/launch/gazebo_launch.py
[0.884s] -- Symlinking: /home/ved/arm_ws/install/Robo_description/share/Robo_description/launch/rviz.launch.py
[0.891s] -- Symlinking: /home/ved/arm_ws/install/Robo_description/share/Robo_description/launch/state_publisher.launch.py
[0.898s] -- Symlinking: /home/ved/arm_ws/install/Robo_description/share/Robo_description/urdf/Robo.gazebo
[0.905s] -- Symlinking: /home/ved/arm_ws/install/Robo_description/share/Robo_description/urdf/Robo.trans
[0.914s] -- Symlinking: /home/ved/arm_ws/install/Robo_description/share/Robo_description/urdf/Robo_macro.urdf.xacro
[0.922s] -- Symlinking: /home/ved/arm_ws/install/Robo_description/share/Robo_description/urdf/materials.xacro
[0.929s] -- Symlinking: /home/ved/arm_ws/install/Robo_description/share/Robo_description/urdf/robot.urdf
[0.935s] -- Symlinking: /home/ved/arm_ws/install/Robo_description/share/Robo_description/config/display.rviz
[0.944s] -- Symlinking: /home/ved/arm_ws/install/Robo_description/share/Robo_description/meshes/Link1_v1.stl
[0.951s] -- Symlinking: /home/ved/arm_ws/install/Robo_description/share/Robo_description/meshes/Link3_v1.stl
[0.959s] -- Symlinking: /home/ved/arm_ws/install/Robo_description/share/Robo_description/meshes/Link4_v1.stl
[0.966s] -- Symlinking: /home/ved/arm_ws/install/Robo_description/share/Robo_description/meshes/base_link.stl
[0.973s] -- Symlinking: /home/ved/arm_ws/install/Robo_description/share/Robo_description/meshes/link2_2.stl
[0.982s] -- Symlinking: /home/ved/arm_ws/install/Robo_description/share/Robo_description/worlds/room.sdf
[0.989s] -- Symlinking: /home/ved/arm_ws/install/Robo_description/share/ament_index/resource_index/package_run_dependencies/Robo_description
[0.995s] -- Symlinking: /home/ved/arm_ws/install/Robo_description/share/ament_index/resource_index/parent_prefix_path/Robo_description
[1.003s] -- Symlinking: /home/ved/arm_ws/install/Robo_description/share/Robo_description/environment/ament_prefix_path.sh
[1.010s] -- Symlinking: /home/ved/arm_ws/install/Robo_description/share/Robo_description/environment/ament_prefix_path.dsv
[1.018s] -- Symlinking: /home/ved/arm_ws/install/Robo_description/share/Robo_description/environment/path.sh
[1.025s] -- Symlinking: /home/ved/arm_ws/install/Robo_description/share/Robo_description/environment/path.dsv
[1.033s] -- Symlinking: /home/ved/arm_ws/install/Robo_description/share/Robo_description/local_setup.bash
[1.041s] -- Symlinking: /home/ved/arm_ws/install/Robo_description/share/Robo_description/local_setup.sh
[1.048s] -- Symlinking: /home/ved/arm_ws/install/Robo_description/share/Robo_description/local_setup.zsh
[1.057s] -- Symlinking: /home/ved/arm_ws/install/Robo_description/share/Robo_description/local_setup.dsv
[1.064s] -- Symlinking: /home/ved/arm_ws/install/Robo_description/share/Robo_description/package.dsv
[1.072s] -- Symlinking: /home/ved/arm_ws/install/Robo_description/share/ament_index/resource_index/packages/Robo_description
[1.080s] -- Symlinking: /home/ved/arm_ws/install/Robo_description/share/Robo_description/cmake/Robo_descriptionConfig.cmake
[1.087s] -- Symlinking: /home/ved/arm_ws/install/Robo_description/share/Robo_description/cmake/Robo_descriptionConfig-version.cmake
[1.095s] -- Symlinking: /home/ved/arm_ws/install/Robo_description/share/Robo_description/package.xml
[1.104s] Invoked command in '/home/ved/arm_ws/build/Robo_description' returned '0': CMAKE_PREFIX_PATH=${CMAKE_PREFIX_PATH}:/home/ved/ros2_ws/install/my_robot_controller:/home/ved/ws_moveit/install/moveit_configs_utils:/opt/ros/humble /usr/bin/cmake --install /home/ved/arm_ws/build/Robo_description
