[0.341s] DEBUG:colcon:Command line arguments: ['/usr/bin/colcon', 'build']
[0.341s] DEBUG:colcon:Parsed command line arguments: Namespace(log_base=None, log_level=None, verb_name='build', build_base='build', install_base='install', merge_install=False, symlink_install=False, test_result_base=None, continue_on_error=False, executor='parallel', parallel_workers=16, event_handlers=None, ignore_user_meta=False, metas=['./colcon.meta'], base_paths=['.'], packages_ignore=None, packages_ignore_regex=None, paths=None, packages_up_to=None, packages_up_to_regex=None, packages_above=None, packages_above_and_dependencies=None, packages_above_depth=None, packages_select_by_dep=None, packages_skip_by_dep=None, packages_skip_up_to=None, packages_select_build_failed=False, packages_skip_build_finished=False, packages_select_test_failures=False, packages_skip_test_passed=False, packages_select=None, packages_skip=None, packages_select_regex=None, packages_skip_regex=None, packages_start=None, packages_end=None, allow_overriding=[], cmake_args=None, cmake_target=None, cmake_target_skip_unavailable=False, cmake_clean_cache=False, cmake_clean_first=False, cmake_force_configure=False, ament_cmake_args=None, catkin_cmake_args=None, catkin_skip_building_tests=False, mixin_files=None, mixin=None, verb_parser=<colcon_mixin.mixin.mixin_argument.MixinArgumentDecorator object at 0x773583e9c490>, verb_extension=<colcon_core.verb.build.BuildVerb object at 0x773583e67f10>, main=<bound method BuildVerb.main of <colcon_core.verb.build.BuildVerb object at 0x773583e67f10>>, mixin_verb=('build',))
[0.689s] Level 1:colcon.colcon_core.package_discovery:discover_packages(colcon_meta) check parameters
[0.689s] Level 1:colcon.colcon_core.package_discovery:discover_packages(recursive) check parameters
[0.689s] Level 1:colcon.colcon_core.package_discovery:discover_packages(ignore) check parameters
[0.690s] Level 1:colcon.colcon_core.package_discovery:discover_packages(path) check parameters
[0.690s] Level 1:colcon.colcon_core.package_discovery:discover_packages(colcon_meta) discover
[0.690s] Level 1:colcon.colcon_core.package_discovery:discover_packages(recursive) discover
[0.690s] INFO:colcon.colcon_core.package_discovery:Crawling recursively for packages in '/home/ved/arm_ws'
[0.690s] Level 1:colcon.colcon_core.package_identification:_identify(.) by extensions ['ignore', 'ignore_ament_install']
[0.690s] Level 1:colcon.colcon_core.package_identification:_identify(.) by extension 'ignore'
[0.690s] Level 1:colcon.colcon_core.package_identification:_identify(.) by extension 'ignore_ament_install'
[0.691s] Level 1:colcon.colcon_core.package_identification:_identify(.) by extensions ['colcon_pkg']
[0.691s] Level 1:colcon.colcon_core.package_identification:_identify(.) by extension 'colcon_pkg'
[0.691s] Level 1:colcon.colcon_core.package_identification:_identify(.) by extensions ['colcon_meta']
[0.691s] Level 1:colcon.colcon_core.package_identification:_identify(.) by extension 'colcon_meta'
[0.691s] Level 1:colcon.colcon_core.package_identification:_identify(.) by extensions ['ros']
[0.691s] Level 1:colcon.colcon_core.package_identification:_identify(.) by extension 'ros'
[0.713s] Level 1:colcon.colcon_core.package_identification:_identify(.) by extensions ['cmake', 'python']
[0.713s] Level 1:colcon.colcon_core.package_identification:_identify(.) by extension 'cmake'
[0.713s] Level 1:colcon.colcon_core.package_identification:_identify(.) by extension 'python'
[0.713s] Level 1:colcon.colcon_core.package_identification:_identify(.) by extensions ['python_setup_py']
[0.713s] Level 1:colcon.colcon_core.package_identification:_identify(.) by extension 'python_setup_py'
[0.713s] Level 1:colcon.colcon_core.package_identification:_identify(build) by extensions ['ignore', 'ignore_ament_install']
[0.713s] Level 1:colcon.colcon_core.package_identification:_identify(build) by extension 'ignore'
[0.713s] Level 1:colcon.colcon_core.package_identification:_identify(build) ignored
[0.713s] Level 1:colcon.colcon_core.package_identification:_identify(install) by extensions ['ignore', 'ignore_ament_install']
[0.713s] Level 1:colcon.colcon_core.package_identification:_identify(install) by extension 'ignore'
[0.713s] Level 1:colcon.colcon_core.package_identification:_identify(install) ignored
[0.713s] Level 1:colcon.colcon_core.package_identification:_identify(log) by extensions ['ignore', 'ignore_ament_install']
[0.713s] Level 1:colcon.colcon_core.package_identification:_identify(log) by extension 'ignore'
[0.713s] Level 1:colcon.colcon_core.package_identification:_identify(log) ignored
[0.714s] Level 1:colcon.colcon_core.package_identification:_identify(src) by extensions ['ignore', 'ignore_ament_install']
[0.714s] Level 1:colcon.colcon_core.package_identification:_identify(src) by extension 'ignore'
[0.714s] Level 1:colcon.colcon_core.package_identification:_identify(src) by extension 'ignore_ament_install'
[0.714s] Level 1:colcon.colcon_core.package_identification:_identify(src) by extensions ['colcon_pkg']
[0.714s] Level 1:colcon.colcon_core.package_identification:_identify(src) by extension 'colcon_pkg'
[0.714s] Level 1:colcon.colcon_core.package_identification:_identify(src) by extensions ['colcon_meta']
[0.714s] Level 1:colcon.colcon_core.package_identification:_identify(src) by extension 'colcon_meta'
[0.714s] Level 1:colcon.colcon_core.package_identification:_identify(src) by extensions ['ros']
[0.714s] Level 1:colcon.colcon_core.package_identification:_identify(src) by extension 'ros'
[0.714s] Level 1:colcon.colcon_core.package_identification:_identify(src) by extensions ['cmake', 'python']
[0.714s] Level 1:colcon.colcon_core.package_identification:_identify(src) by extension 'cmake'
[0.714s] Level 1:colcon.colcon_core.package_identification:_identify(src) by extension 'python'
[0.714s] Level 1:colcon.colcon_core.package_identification:_identify(src) by extensions ['python_setup_py']
[0.714s] Level 1:colcon.colcon_core.package_identification:_identify(src) by extension 'python_setup_py'
[0.714s] Level 1:colcon.colcon_core.package_identification:_identify(src/Robo_description) by extensions ['ignore', 'ignore_ament_install']
[0.714s] Level 1:colcon.colcon_core.package_identification:_identify(src/Robo_description) by extension 'ignore'
[0.714s] Level 1:colcon.colcon_core.package_identification:_identify(src/Robo_description) by extension 'ignore_ament_install'
[0.714s] Level 1:colcon.colcon_core.package_identification:_identify(src/Robo_description) by extensions ['colcon_pkg']
[0.714s] Level 1:colcon.colcon_core.package_identification:_identify(src/Robo_description) by extension 'colcon_pkg'
[0.714s] Level 1:colcon.colcon_core.package_identification:_identify(src/Robo_description) by extensions ['colcon_meta']
[0.714s] Level 1:colcon.colcon_core.package_identification:_identify(src/Robo_description) by extension 'colcon_meta'
[0.714s] Level 1:colcon.colcon_core.package_identification:_identify(src/Robo_description) by extensions ['ros']
[0.715s] Level 1:colcon.colcon_core.package_identification:_identify(src/Robo_description) by extension 'ros'
[0.727s] DEBUG:colcon.colcon_core.package_identification:Package 'src/Robo_description' with type 'ros.ament_cmake' and name 'Robo_description'
[0.727s] Level 1:colcon.colcon_core.package_discovery:discover_packages(recursive) using defaults
[0.727s] Level 1:colcon.colcon_core.package_discovery:discover_packages(ignore) discover
[0.727s] Level 1:colcon.colcon_core.package_discovery:discover_packages(ignore) using defaults
[0.727s] Level 1:colcon.colcon_core.package_discovery:discover_packages(path) discover
[0.727s] Level 1:colcon.colcon_core.package_discovery:discover_packages(path) using defaults
[0.767s] Level 1:colcon.colcon_core.package_discovery:discover_packages(prefix_path) check parameters
[0.767s] Level 1:colcon.colcon_core.package_discovery:discover_packages(prefix_path) discover
[0.773s] DEBUG:colcon.colcon_installed_package_information.package_discovery:Found 1 installed packages in /home/ved/arm_ws/install
[0.774s] DEBUG:colcon.colcon_installed_package_information.package_discovery:Found 1 installed packages in /home/ved/ros2_ws/install
[0.776s] DEBUG:colcon.colcon_installed_package_information.package_discovery:Found 70 installed packages in /home/ved/ws_moveit/install
[0.779s] DEBUG:colcon.colcon_installed_package_information.package_discovery:Found 366 installed packages in /opt/ros/humble
[0.781s] Level 1:colcon.colcon_core.package_discovery:discover_packages(prefix_path) using defaults
[0.885s] Level 5:colcon.colcon_core.verb:set package 'Robo_description' build argument 'cmake_args' from command line to 'None'
[0.885s] Level 5:colcon.colcon_core.verb:set package 'Robo_description' build argument 'cmake_target' from command line to 'None'
[0.885s] Level 5:colcon.colcon_core.verb:set package 'Robo_description' build argument 'cmake_target_skip_unavailable' from command line to 'False'
[0.885s] Level 5:colcon.colcon_core.verb:set package 'Robo_description' build argument 'cmake_clean_cache' from command line to 'False'
[0.885s] Level 5:colcon.colcon_core.verb:set package 'Robo_description' build argument 'cmake_clean_first' from command line to 'False'
[0.885s] Level 5:colcon.colcon_core.verb:set package 'Robo_description' build argument 'cmake_force_configure' from command line to 'False'
[0.885s] Level 5:colcon.colcon_core.verb:set package 'Robo_description' build argument 'ament_cmake_args' from command line to 'None'
[0.885s] Level 5:colcon.colcon_core.verb:set package 'Robo_description' build argument 'catkin_cmake_args' from command line to 'None'
[0.885s] Level 5:colcon.colcon_core.verb:set package 'Robo_description' build argument 'catkin_skip_building_tests' from command line to 'False'
[0.885s] DEBUG:colcon.colcon_core.verb:Building package 'Robo_description' with the following arguments: {'ament_cmake_args': None, 'build_base': '/home/ved/arm_ws/build/Robo_description', 'catkin_cmake_args': None, 'catkin_skip_building_tests': False, 'cmake_args': None, 'cmake_clean_cache': False, 'cmake_clean_first': False, 'cmake_force_configure': False, 'cmake_target': None, 'cmake_target_skip_unavailable': False, 'install_base': '/home/ved/arm_ws/install/Robo_description', 'merge_install': False, 'path': '/home/ved/arm_ws/src/Robo_description', 'symlink_install': False, 'test_result_base': None}
[0.885s] INFO:colcon.colcon_core.executor:Executing jobs using 'parallel' executor
[0.887s] DEBUG:colcon.colcon_parallel_executor.executor.parallel:run_until_complete
[0.887s] INFO:colcon.colcon_ros.task.ament_cmake.build:Building ROS package in '/home/ved/arm_ws/src/Robo_description' with build type 'ament_cmake'
[0.887s] INFO:colcon.colcon_cmake.task.cmake.build:Building CMake package in '/home/ved/arm_ws/src/Robo_description'
[0.894s] INFO:colcon.colcon_core.plugin_system:Skipping extension 'colcon_core.shell.bat': Not used on non-Windows systems
[0.894s] INFO:colcon.colcon_core.shell:Skip shell extension 'powershell' for command environment: Not usable outside of PowerShell
[0.894s] DEBUG:colcon.colcon_core.shell:Skip shell extension 'dsv' for command environment
[0.912s] DEBUG:colcon.colcon_core.event_handler.log_command:Invoking command in '/home/ved/arm_ws/build/Robo_description': CMAKE_PREFIX_PATH=${CMAKE_PREFIX_PATH}:/home/ved/ros2_ws/install/my_robot_controller:/home/ved/ws_moveit/install/moveit_configs_utils:/opt/ros/humble /usr/bin/cmake --build /home/ved/arm_ws/build/Robo_description -- -j16 -l16
[1.017s] DEBUG:colcon.colcon_core.event_handler.log_command:Invoked command in '/home/ved/arm_ws/build/Robo_description' returned '0': CMAKE_PREFIX_PATH=${CMAKE_PREFIX_PATH}:/home/ved/ros2_ws/install/my_robot_controller:/home/ved/ws_moveit/install/moveit_configs_utils:/opt/ros/humble /usr/bin/cmake --build /home/ved/arm_ws/build/Robo_description -- -j16 -l16
[1.039s] DEBUG:colcon.colcon_core.event_handler.log_command:Invoking command in '/home/ved/arm_ws/build/Robo_description': CMAKE_PREFIX_PATH=${CMAKE_PREFIX_PATH}:/home/ved/ros2_ws/install/my_robot_controller:/home/ved/ws_moveit/install/moveit_configs_utils:/opt/ros/humble /usr/bin/cmake --install /home/ved/arm_ws/build/Robo_description
[1.090s] Level 1:colcon.colcon_core.environment:create_environment_scripts_only(Robo_description)
[1.091s] DEBUG:colcon.colcon_core.event_handler.log_command:Invoked command in '/home/ved/arm_ws/build/Robo_description' returned '0': CMAKE_PREFIX_PATH=${CMAKE_PREFIX_PATH}:/home/ved/ros2_ws/install/my_robot_controller:/home/ved/ws_moveit/install/moveit_configs_utils:/opt/ros/humble /usr/bin/cmake --install /home/ved/arm_ws/build/Robo_description
[1.098s] Level 1:colcon.colcon_core.environment:checking '/home/ved/arm_ws/install/Robo_description' for CMake module files
[1.099s] Level 1:colcon.colcon_core.environment:checking '/home/ved/arm_ws/install/Robo_description' for CMake config files
[1.100s] Level 1:colcon.colcon_core.shell:create_environment_hook('Robo_description', 'cmake_prefix_path')
[1.100s] INFO:colcon.colcon_core.shell:Creating environment hook '/home/ved/arm_ws/install/Robo_description/share/Robo_description/hook/cmake_prefix_path.ps1'
[1.102s] INFO:colcon.colcon_core.shell:Creating environment descriptor '/home/ved/arm_ws/install/Robo_description/share/Robo_description/hook/cmake_prefix_path.dsv'
[1.103s] INFO:colcon.colcon_core.shell:Creating environment hook '/home/ved/arm_ws/install/Robo_description/share/Robo_description/hook/cmake_prefix_path.sh'
[1.105s] Level 1:colcon.colcon_core.environment:checking '/home/ved/arm_ws/install/Robo_description/bin'
[1.106s] Level 1:colcon.colcon_core.environment:checking '/home/ved/arm_ws/install/Robo_description/lib/pkgconfig/Robo_description.pc'
[1.106s] Level 1:colcon.colcon_core.environment:checking '/home/ved/arm_ws/install/Robo_description/lib/python3.10/site-packages'
[1.106s] Level 1:colcon.colcon_core.environment:checking '/home/ved/arm_ws/install/Robo_description/bin'
[1.107s] INFO:colcon.colcon_core.shell:Creating package script '/home/ved/arm_ws/install/Robo_description/share/Robo_description/package.ps1'
[1.109s] INFO:colcon.colcon_core.shell:Creating package descriptor '/home/ved/arm_ws/install/Robo_description/share/Robo_description/package.dsv'
[1.110s] INFO:colcon.colcon_core.shell:Creating package script '/home/ved/arm_ws/install/Robo_description/share/Robo_description/package.sh'
[1.112s] INFO:colcon.colcon_core.shell:Creating package script '/home/ved/arm_ws/install/Robo_description/share/Robo_description/package.bash'
[1.113s] INFO:colcon.colcon_core.shell:Creating package script '/home/ved/arm_ws/install/Robo_description/share/Robo_description/package.zsh'
[1.115s] Level 1:colcon.colcon_core.environment:create_file_with_runtime_dependencies(/home/ved/arm_ws/install/Robo_description/share/colcon-core/packages/Robo_description)
[1.116s] Level 1:colcon.colcon_core.environment:create_environment_scripts_only(Robo_description)
[1.116s] Level 1:colcon.colcon_core.environment:checking '/home/ved/arm_ws/install/Robo_description' for CMake module files
[1.117s] Level 1:colcon.colcon_core.environment:checking '/home/ved/arm_ws/install/Robo_description' for CMake config files
[1.118s] Level 1:colcon.colcon_core.shell:create_environment_hook('Robo_description', 'cmake_prefix_path')
[1.118s] INFO:colcon.colcon_core.shell:Creating environment hook '/home/ved/arm_ws/install/Robo_description/share/Robo_description/hook/cmake_prefix_path.ps1'
[1.119s] INFO:colcon.colcon_core.shell:Creating environment descriptor '/home/ved/arm_ws/install/Robo_description/share/Robo_description/hook/cmake_prefix_path.dsv'
[1.119s] INFO:colcon.colcon_core.shell:Creating environment hook '/home/ved/arm_ws/install/Robo_description/share/Robo_description/hook/cmake_prefix_path.sh'
[1.120s] Level 1:colcon.colcon_core.environment:checking '/home/ved/arm_ws/install/Robo_description/bin'
[1.120s] Level 1:colcon.colcon_core.environment:checking '/home/ved/arm_ws/install/Robo_description/lib/pkgconfig/Robo_description.pc'
[1.120s] Level 1:colcon.colcon_core.environment:checking '/home/ved/arm_ws/install/Robo_description/lib/python3.10/site-packages'
[1.120s] Level 1:colcon.colcon_core.environment:checking '/home/ved/arm_ws/install/Robo_description/bin'
[1.121s] INFO:colcon.colcon_core.shell:Creating package script '/home/ved/arm_ws/install/Robo_description/share/Robo_description/package.ps1'
[1.121s] INFO:colcon.colcon_core.shell:Creating package descriptor '/home/ved/arm_ws/install/Robo_description/share/Robo_description/package.dsv'
[1.122s] INFO:colcon.colcon_core.shell:Creating package script '/home/ved/arm_ws/install/Robo_description/share/Robo_description/package.sh'
[1.123s] INFO:colcon.colcon_core.shell:Creating package script '/home/ved/arm_ws/install/Robo_description/share/Robo_description/package.bash'
[1.123s] INFO:colcon.colcon_core.shell:Creating package script '/home/ved/arm_ws/install/Robo_description/share/Robo_description/package.zsh'
[1.123s] Level 1:colcon.colcon_core.environment:create_file_with_runtime_dependencies(/home/ved/arm_ws/install/Robo_description/share/colcon-core/packages/Robo_description)
[1.124s] DEBUG:colcon.colcon_parallel_executor.executor.parallel:closing loop
[1.124s] DEBUG:colcon.colcon_parallel_executor.executor.parallel:loop closed
[1.124s] DEBUG:colcon.colcon_parallel_executor.executor.parallel:run_until_complete finished with '0'
[1.124s] DEBUG:colcon.colcon_core.event_reactor:joining thread
[1.133s] INFO:colcon.colcon_core.plugin_system:Skipping extension 'colcon_notification.desktop_notification.terminal_notifier': Not used on non-Darwin systems
[1.133s] INFO:colcon.colcon_core.plugin_system:Skipping extension 'colcon_notification.desktop_notification.win32': Not used on non-Windows systems
[1.133s] INFO:colcon.colcon_notification.desktop_notification:Sending desktop notification using 'notify2'
[1.158s] DEBUG:colcon.colcon_core.event_reactor:joined thread
[1.159s] INFO:colcon.colcon_core.shell:Creating prefix script '/home/ved/arm_ws/install/local_setup.ps1'
[1.160s] INFO:colcon.colcon_core.shell:Creating prefix util module '/home/ved/arm_ws/install/_local_setup_util_ps1.py'
[1.162s] INFO:colcon.colcon_core.shell:Creating prefix chain script '/home/ved/arm_ws/install/setup.ps1'
[1.167s] INFO:colcon.colcon_core.shell:Creating prefix script '/home/ved/arm_ws/install/local_setup.sh'
[1.169s] INFO:colcon.colcon_core.shell:Creating prefix util module '/home/ved/arm_ws/install/_local_setup_util_sh.py'
[1.170s] INFO:colcon.colcon_core.shell:Creating prefix chain script '/home/ved/arm_ws/install/setup.sh'
[1.175s] INFO:colcon.colcon_core.shell:Creating prefix script '/home/ved/arm_ws/install/local_setup.bash'
[1.176s] INFO:colcon.colcon_core.shell:Creating prefix chain script '/home/ved/arm_ws/install/setup.bash'
[1.181s] INFO:colcon.colcon_core.shell:Creating prefix script '/home/ved/arm_ws/install/local_setup.zsh'
[1.183s] INFO:colcon.colcon_core.shell:Creating prefix chain script '/home/ved/arm_ws/install/setup.zsh'
