[0.358s] DEBUG:colcon:Command line arguments: ['/usr/bin/colcon', 'build']
[0.358s] DEBUG:colcon:Parsed command line arguments: Namespace(log_base=None, log_level=None, verb_name='build', build_base='build', install_base='install', merge_install=False, symlink_install=False, test_result_base=None, continue_on_error=False, executor='parallel', parallel_workers=16, event_handlers=None, ignore_user_meta=False, metas=['./colcon.meta'], base_paths=['.'], packages_ignore=None, packages_ignore_regex=None, paths=None, packages_up_to=None, packages_up_to_regex=None, packages_above=None, packages_above_and_dependencies=None, packages_above_depth=None, packages_select_by_dep=None, packages_skip_by_dep=None, packages_skip_up_to=None, packages_select_build_failed=False, packages_skip_build_finished=False, packages_select_test_failures=False, packages_skip_test_passed=False, packages_select=None, packages_skip=None, packages_select_regex=None, packages_skip_regex=None, packages_start=None, packages_end=None, allow_overriding=[], cmake_args=None, cmake_target=None, cmake_target_skip_unavailable=False, cmake_clean_cache=False, cmake_clean_first=False, cmake_force_configure=False, ament_cmake_args=None, catkin_cmake_args=None, catkin_skip_building_tests=False, mixin_files=None, mixin=None, verb_parser=<colcon_mixin.mixin.mixin_argument.MixinArgumentDecorator object at 0x7366e0384490>, verb_extension=<colcon_core.verb.build.BuildVerb object at 0x7366e034ff10>, main=<bound method BuildVerb.main of <colcon_core.verb.build.BuildVerb object at 0x7366e034ff10>>, mixin_verb=('build',))
[0.810s] Level 1:colcon.colcon_core.package_discovery:discover_packages(colcon_meta) check parameters
[0.811s] Level 1:colcon.colcon_core.package_discovery:discover_packages(recursive) check parameters
[0.811s] Level 1:colcon.colcon_core.package_discovery:discover_packages(ignore) check parameters
[0.811s] Level 1:colcon.colcon_core.package_discovery:discover_packages(path) check parameters
[0.811s] Level 1:colcon.colcon_core.package_discovery:discover_packages(colcon_meta) discover
[0.811s] Level 1:colcon.colcon_core.package_discovery:discover_packages(recursive) discover
[0.811s] INFO:colcon.colcon_core.package_discovery:Crawling recursively for packages in '/home/ved/arm_ws'
[0.811s] Level 1:colcon.colcon_core.package_identification:_identify(.) by extensions ['ignore', 'ignore_ament_install']
[0.811s] Level 1:colcon.colcon_core.package_identification:_identify(.) by extension 'ignore'
[0.812s] Level 1:colcon.colcon_core.package_identification:_identify(.) by extension 'ignore_ament_install'
[0.812s] Level 1:colcon.colcon_core.package_identification:_identify(.) by extensions ['colcon_pkg']
[0.812s] Level 1:colcon.colcon_core.package_identification:_identify(.) by extension 'colcon_pkg'
[0.812s] Level 1:colcon.colcon_core.package_identification:_identify(.) by extensions ['colcon_meta']
[0.812s] Level 1:colcon.colcon_core.package_identification:_identify(.) by extension 'colcon_meta'
[0.812s] Level 1:colcon.colcon_core.package_identification:_identify(.) by extensions ['ros']
[0.812s] Level 1:colcon.colcon_core.package_identification:_identify(.) by extension 'ros'
[0.848s] Level 1:colcon.colcon_core.package_identification:_identify(.) by extensions ['cmake', 'python']
[0.848s] Level 1:colcon.colcon_core.package_identification:_identify(.) by extension 'cmake'
[0.848s] Level 1:colcon.colcon_core.package_identification:_identify(.) by extension 'python'
[0.848s] Level 1:colcon.colcon_core.package_identification:_identify(.) by extensions ['python_setup_py']
[0.848s] Level 1:colcon.colcon_core.package_identification:_identify(.) by extension 'python_setup_py'
[0.848s] Level 1:colcon.colcon_core.package_identification:_identify(build) by extensions ['ignore', 'ignore_ament_install']
[0.849s] Level 1:colcon.colcon_core.package_identification:_identify(build) by extension 'ignore'
[0.849s] Level 1:colcon.colcon_core.package_identification:_identify(build) ignored
[0.849s] Level 1:colcon.colcon_core.package_identification:_identify(install) by extensions ['ignore', 'ignore_ament_install']
[0.849s] Level 1:colcon.colcon_core.package_identification:_identify(install) by extension 'ignore'
[0.849s] Level 1:colcon.colcon_core.package_identification:_identify(install) ignored
[0.849s] Level 1:colcon.colcon_core.package_identification:_identify(log) by extensions ['ignore', 'ignore_ament_install']
[0.849s] Level 1:colcon.colcon_core.package_identification:_identify(log) by extension 'ignore'
[0.849s] Level 1:colcon.colcon_core.package_identification:_identify(log) ignored
[0.849s] Level 1:colcon.colcon_core.package_identification:_identify(src) by extensions ['ignore', 'ignore_ament_install']
[0.849s] Level 1:colcon.colcon_core.package_identification:_identify(src) by extension 'ignore'
[0.849s] Level 1:colcon.colcon_core.package_identification:_identify(src) by extension 'ignore_ament_install'
[0.849s] Level 1:colcon.colcon_core.package_identification:_identify(src) by extensions ['colcon_pkg']
[0.849s] Level 1:colcon.colcon_core.package_identification:_identify(src) by extension 'colcon_pkg'
[0.849s] Level 1:colcon.colcon_core.package_identification:_identify(src) by extensions ['colcon_meta']
[0.849s] Level 1:colcon.colcon_core.package_identification:_identify(src) by extension 'colcon_meta'
[0.849s] Level 1:colcon.colcon_core.package_identification:_identify(src) by extensions ['ros']
[0.850s] Level 1:colcon.colcon_core.package_identification:_identify(src) by extension 'ros'
[0.850s] Level 1:colcon.colcon_core.package_identification:_identify(src) by extensions ['cmake', 'python']
[0.850s] Level 1:colcon.colcon_core.package_identification:_identify(src) by extension 'cmake'
[0.850s] Level 1:colcon.colcon_core.package_identification:_identify(src) by extension 'python'
[0.850s] Level 1:colcon.colcon_core.package_identification:_identify(src) by extensions ['python_setup_py']
[0.850s] Level 1:colcon.colcon_core.package_identification:_identify(src) by extension 'python_setup_py'
[0.850s] Level 1:colcon.colcon_core.package_identification:_identify(src/Robo_description) by extensions ['ignore', 'ignore_ament_install']
[0.850s] Level 1:colcon.colcon_core.package_identification:_identify(src/Robo_description) by extension 'ignore'
[0.850s] Level 1:colcon.colcon_core.package_identification:_identify(src/Robo_description) by extension 'ignore_ament_install'
[0.850s] Level 1:colcon.colcon_core.package_identification:_identify(src/Robo_description) by extensions ['colcon_pkg']
[0.850s] Level 1:colcon.colcon_core.package_identification:_identify(src/Robo_description) by extension 'colcon_pkg'
[0.850s] Level 1:colcon.colcon_core.package_identification:_identify(src/Robo_description) by extensions ['colcon_meta']
[0.850s] Level 1:colcon.colcon_core.package_identification:_identify(src/Robo_description) by extension 'colcon_meta'
[0.850s] Level 1:colcon.colcon_core.package_identification:_identify(src/Robo_description) by extensions ['ros']
[0.850s] Level 1:colcon.colcon_core.package_identification:_identify(src/Robo_description) by extension 'ros'
[0.866s] DEBUG:colcon.colcon_core.package_identification:Package 'src/Robo_description' with type 'ros.ament_cmake' and name 'Robo_description'
[0.866s] Level 1:colcon.colcon_core.package_discovery:discover_packages(recursive) using defaults
[0.866s] Level 1:colcon.colcon_core.package_discovery:discover_packages(ignore) discover
[0.866s] Level 1:colcon.colcon_core.package_discovery:discover_packages(ignore) using defaults
[0.866s] Level 1:colcon.colcon_core.package_discovery:discover_packages(path) discover
[0.866s] Level 1:colcon.colcon_core.package_discovery:discover_packages(path) using defaults
[0.913s] Level 1:colcon.colcon_core.package_discovery:discover_packages(prefix_path) check parameters
[0.913s] Level 1:colcon.colcon_core.package_discovery:discover_packages(prefix_path) discover
[0.923s] DEBUG:colcon.colcon_installed_package_information.package_discovery:Found 1 installed packages in /home/ved/arm_ws/install
[0.923s] DEBUG:colcon.colcon_installed_package_information.package_discovery:Found 1 installed packages in /home/ved/ros2_ws/install
[0.926s] DEBUG:colcon.colcon_installed_package_information.package_discovery:Found 70 installed packages in /home/ved/ws_moveit/install
[0.928s] DEBUG:colcon.colcon_installed_package_information.package_discovery:Found 366 installed packages in /opt/ros/humble
[0.930s] Level 1:colcon.colcon_core.package_discovery:discover_packages(prefix_path) using defaults
[1.033s] Level 5:colcon.colcon_core.verb:set package 'Robo_description' build argument 'cmake_args' from command line to 'None'
[1.033s] Level 5:colcon.colcon_core.verb:set package 'Robo_description' build argument 'cmake_target' from command line to 'None'
[1.033s] Level 5:colcon.colcon_core.verb:set package 'Robo_description' build argument 'cmake_target_skip_unavailable' from command line to 'False'
[1.033s] Level 5:colcon.colcon_core.verb:set package 'Robo_description' build argument 'cmake_clean_cache' from command line to 'False'
[1.033s] Level 5:colcon.colcon_core.verb:set package 'Robo_description' build argument 'cmake_clean_first' from command line to 'False'
[1.033s] Level 5:colcon.colcon_core.verb:set package 'Robo_description' build argument 'cmake_force_configure' from command line to 'False'
[1.033s] Level 5:colcon.colcon_core.verb:set package 'Robo_description' build argument 'ament_cmake_args' from command line to 'None'
[1.033s] Level 5:colcon.colcon_core.verb:set package 'Robo_description' build argument 'catkin_cmake_args' from command line to 'None'
[1.033s] Level 5:colcon.colcon_core.verb:set package 'Robo_description' build argument 'catkin_skip_building_tests' from command line to 'False'
[1.033s] DEBUG:colcon.colcon_core.verb:Building package 'Robo_description' with the following arguments: {'ament_cmake_args': None, 'build_base': '/home/ved/arm_ws/build/Robo_description', 'catkin_cmake_args': None, 'catkin_skip_building_tests': False, 'cmake_args': None, 'cmake_clean_cache': False, 'cmake_clean_first': False, 'cmake_force_configure': False, 'cmake_target': None, 'cmake_target_skip_unavailable': False, 'install_base': '/home/ved/arm_ws/install/Robo_description', 'merge_install': False, 'path': '/home/ved/arm_ws/src/Robo_description', 'symlink_install': False, 'test_result_base': None}
[1.033s] INFO:colcon.colcon_core.executor:Executing jobs using 'parallel' executor
[1.034s] DEBUG:colcon.colcon_parallel_executor.executor.parallel:run_until_complete
[1.035s] INFO:colcon.colcon_ros.task.ament_cmake.build:Building ROS package in '/home/ved/arm_ws/src/Robo_description' with build type 'ament_cmake'
[1.035s] INFO:colcon.colcon_cmake.task.cmake.build:Building CMake package in '/home/ved/arm_ws/src/Robo_description'
[1.040s] INFO:colcon.colcon_core.plugin_system:Skipping extension 'colcon_core.shell.bat': Not used on non-Windows systems
[1.040s] INFO:colcon.colcon_core.shell:Skip shell extension 'powershell' for command environment: Not usable outside of PowerShell
[1.041s] DEBUG:colcon.colcon_core.shell:Skip shell extension 'dsv' for command environment
[1.060s] DEBUG:colcon.colcon_core.event_handler.log_command:Invoking command in '/home/ved/arm_ws/build/Robo_description': CMAKE_PREFIX_PATH=${CMAKE_PREFIX_PATH}:/home/ved/ros2_ws/install/my_robot_controller:/home/ved/ws_moveit/install/moveit_configs_utils:/opt/ros/humble /usr/bin/cmake --build /home/ved/arm_ws/build/Robo_description -- -j16 -l16
[1.176s] DEBUG:colcon.colcon_core.event_handler.log_command:Invoked command in '/home/ved/arm_ws/build/Robo_description' returned '0': CMAKE_PREFIX_PATH=${CMAKE_PREFIX_PATH}:/home/ved/ros2_ws/install/my_robot_controller:/home/ved/ws_moveit/install/moveit_configs_utils:/opt/ros/humble /usr/bin/cmake --build /home/ved/arm_ws/build/Robo_description -- -j16 -l16
[1.195s] DEBUG:colcon.colcon_core.event_handler.log_command:Invoking command in '/home/ved/arm_ws/build/Robo_description': CMAKE_PREFIX_PATH=${CMAKE_PREFIX_PATH}:/home/ved/ros2_ws/install/my_robot_controller:/home/ved/ws_moveit/install/moveit_configs_utils:/opt/ros/humble /usr/bin/cmake --install /home/ved/arm_ws/build/Robo_description
[1.231s] Level 1:colcon.colcon_core.environment:create_environment_scripts_only(Robo_description)
[1.232s] DEBUG:colcon.colcon_core.event_handler.log_command:Invoked command in '/home/ved/arm_ws/build/Robo_description' returned '0': CMAKE_PREFIX_PATH=${CMAKE_PREFIX_PATH}:/home/ved/ros2_ws/install/my_robot_controller:/home/ved/ws_moveit/install/moveit_configs_utils:/opt/ros/humble /usr/bin/cmake --install /home/ved/arm_ws/build/Robo_description
[1.242s] Level 1:colcon.colcon_core.environment:checking '/home/ved/arm_ws/install/Robo_description' for CMake module files
[1.243s] Level 1:colcon.colcon_core.environment:checking '/home/ved/arm_ws/install/Robo_description' for CMake config files
[1.244s] Level 1:colcon.colcon_core.shell:create_environment_hook('Robo_description', 'cmake_prefix_path')
[1.244s] INFO:colcon.colcon_core.shell:Creating environment hook '/home/ved/arm_ws/install/Robo_description/share/Robo_description/hook/cmake_prefix_path.ps1'
[1.246s] INFO:colcon.colcon_core.shell:Creating environment descriptor '/home/ved/arm_ws/install/Robo_description/share/Robo_description/hook/cmake_prefix_path.dsv'
[1.247s] INFO:colcon.colcon_core.shell:Creating environment hook '/home/ved/arm_ws/install/Robo_description/share/Robo_description/hook/cmake_prefix_path.sh'
[1.249s] Level 1:colcon.colcon_core.environment:checking '/home/ved/arm_ws/install/Robo_description/bin'
[1.249s] Level 1:colcon.colcon_core.environment:checking '/home/ved/arm_ws/install/Robo_description/lib/pkgconfig/Robo_description.pc'
[1.250s] Level 1:colcon.colcon_core.environment:checking '/home/ved/arm_ws/install/Robo_description/lib/python3.10/site-packages'
[1.250s] Level 1:colcon.colcon_core.environment:checking '/home/ved/arm_ws/install/Robo_description/bin'
[1.250s] INFO:colcon.colcon_core.shell:Creating package script '/home/ved/arm_ws/install/Robo_description/share/Robo_description/package.ps1'
[1.252s] INFO:colcon.colcon_core.shell:Creating package descriptor '/home/ved/arm_ws/install/Robo_description/share/Robo_description/package.dsv'
[1.253s] INFO:colcon.colcon_core.shell:Creating package script '/home/ved/arm_ws/install/Robo_description/share/Robo_description/package.sh'
[1.254s] INFO:colcon.colcon_core.shell:Creating package script '/home/ved/arm_ws/install/Robo_description/share/Robo_description/package.bash'
[1.256s] INFO:colcon.colcon_core.shell:Creating package script '/home/ved/arm_ws/install/Robo_description/share/Robo_description/package.zsh'
[1.257s] Level 1:colcon.colcon_core.environment:create_file_with_runtime_dependencies(/home/ved/arm_ws/install/Robo_description/share/colcon-core/packages/Robo_description)
[1.259s] Level 1:colcon.colcon_core.environment:create_environment_scripts_only(Robo_description)
[1.259s] Level 1:colcon.colcon_core.environment:checking '/home/ved/arm_ws/install/Robo_description' for CMake module files
[1.260s] Level 1:colcon.colcon_core.environment:checking '/home/ved/arm_ws/install/Robo_description' for CMake config files
[1.260s] Level 1:colcon.colcon_core.shell:create_environment_hook('Robo_description', 'cmake_prefix_path')
[1.260s] INFO:colcon.colcon_core.shell:Creating environment hook '/home/ved/arm_ws/install/Robo_description/share/Robo_description/hook/cmake_prefix_path.ps1'
[1.261s] INFO:colcon.colcon_core.shell:Creating environment descriptor '/home/ved/arm_ws/install/Robo_description/share/Robo_description/hook/cmake_prefix_path.dsv'
[1.262s] INFO:colcon.colcon_core.shell:Creating environment hook '/home/ved/arm_ws/install/Robo_description/share/Robo_description/hook/cmake_prefix_path.sh'
[1.262s] Level 1:colcon.colcon_core.environment:checking '/home/ved/arm_ws/install/Robo_description/bin'
[1.262s] Level 1:colcon.colcon_core.environment:checking '/home/ved/arm_ws/install/Robo_description/lib/pkgconfig/Robo_description.pc'
[1.263s] Level 1:colcon.colcon_core.environment:checking '/home/ved/arm_ws/install/Robo_description/lib/python3.10/site-packages'
[1.263s] Level 1:colcon.colcon_core.environment:checking '/home/ved/arm_ws/install/Robo_description/bin'
[1.263s] INFO:colcon.colcon_core.shell:Creating package script '/home/ved/arm_ws/install/Robo_description/share/Robo_description/package.ps1'
[1.264s] INFO:colcon.colcon_core.shell:Creating package descriptor '/home/ved/arm_ws/install/Robo_description/share/Robo_description/package.dsv'
[1.265s] INFO:colcon.colcon_core.shell:Creating package script '/home/ved/arm_ws/install/Robo_description/share/Robo_description/package.sh'
[1.265s] INFO:colcon.colcon_core.shell:Creating package script '/home/ved/arm_ws/install/Robo_description/share/Robo_description/package.bash'
[1.266s] INFO:colcon.colcon_core.shell:Creating package script '/home/ved/arm_ws/install/Robo_description/share/Robo_description/package.zsh'
[1.266s] Level 1:colcon.colcon_core.environment:create_file_with_runtime_dependencies(/home/ved/arm_ws/install/Robo_description/share/colcon-core/packages/Robo_description)
[1.266s] DEBUG:colcon.colcon_parallel_executor.executor.parallel:closing loop
[1.266s] DEBUG:colcon.colcon_parallel_executor.executor.parallel:loop closed
[1.266s] DEBUG:colcon.colcon_parallel_executor.executor.parallel:run_until_complete finished with '0'
[1.266s] DEBUG:colcon.colcon_core.event_reactor:joining thread
[1.276s] INFO:colcon.colcon_core.plugin_system:Skipping extension 'colcon_notification.desktop_notification.terminal_notifier': Not used on non-Darwin systems
[1.276s] INFO:colcon.colcon_core.plugin_system:Skipping extension 'colcon_notification.desktop_notification.win32': Not used on non-Windows systems
[1.276s] INFO:colcon.colcon_notification.desktop_notification:Sending desktop notification using 'notify2'
[1.311s] DEBUG:colcon.colcon_core.event_reactor:joined thread
[1.311s] INFO:colcon.colcon_core.shell:Creating prefix script '/home/ved/arm_ws/install/local_setup.ps1'
[1.313s] INFO:colcon.colcon_core.shell:Creating prefix util module '/home/ved/arm_ws/install/_local_setup_util_ps1.py'
[1.317s] INFO:colcon.colcon_core.shell:Creating prefix chain script '/home/ved/arm_ws/install/setup.ps1'
[1.322s] INFO:colcon.colcon_core.shell:Creating prefix script '/home/ved/arm_ws/install/local_setup.sh'
[1.323s] INFO:colcon.colcon_core.shell:Creating prefix util module '/home/ved/arm_ws/install/_local_setup_util_sh.py'
[1.324s] INFO:colcon.colcon_core.shell:Creating prefix chain script '/home/ved/arm_ws/install/setup.sh'
[1.329s] INFO:colcon.colcon_core.shell:Creating prefix script '/home/ved/arm_ws/install/local_setup.bash'
[1.330s] INFO:colcon.colcon_core.shell:Creating prefix chain script '/home/ved/arm_ws/install/setup.bash'
[1.336s] INFO:colcon.colcon_core.shell:Creating prefix script '/home/ved/arm_ws/install/local_setup.zsh'
[1.337s] INFO:colcon.colcon_core.shell:Creating prefix chain script '/home/ved/arm_ws/install/setup.zsh'
