-- Found ament_cmake: 1.3.12 (/opt/ros/humble/share/ament_cmake/cmake)
-- Override CMake install command with custom implementation using symlinks instead of copying resources
-- Found ament_lint_auto: 0.12.14 (/opt/ros/humble/share/ament_lint_auto/cmake)
WARNING: Package name "Robo_description" does not follow the naming conventions. It should start with a lower case letter and only contain lower case letters, digits, underscores, and dashes.
-- Added test 'copyright' to check source files copyright and LICENSE
-- Added test 'flake8' to check Python code syntax and style conventions
-- Added test 'lint_cmake' to check CMake code style
-- Added test 'pep257' to check Python code against some of the docstring style conventions in PEP 257
-- Added test 'xmllint' to check XML markup files
-- Configuring done
-- Generating done
-- Build files have been written to: /home/ved/arm_ws/build/Robo_description
-- Install configuration: ""
-- Execute custom install script
-- Up-to-date symlink: /home/ved/arm_ws/install/Robo_description/share/Robo_description/launch/display.launch.py
-- Up-to-date symlink: /home/ved/arm_ws/install/Robo_description/share/Robo_description/launch/gazebo_launch.py
-- Up-to-date symlink: /home/ved/arm_ws/install/Robo_description/share/Robo_description/launch/rviz.launch.py
-- Up-to-date symlink: /home/ved/arm_ws/install/Robo_description/share/Robo_description/launch/state_publisher.launch.py
-- Up-to-date symlink: /home/ved/arm_ws/install/Robo_description/share/Robo_description/urdf/Robo.gazebo
-- Up-to-date symlink: /home/ved/arm_ws/install/Robo_description/share/Robo_description/urdf/Robo.trans
-- Up-to-date symlink: /home/ved/arm_ws/install/Robo_description/share/Robo_description/urdf/Robo_macro.urdf.xacro
-- Up-to-date symlink: /home/ved/arm_ws/install/Robo_description/share/Robo_description/urdf/materials.xacro
-- Up-to-date symlink: /home/ved/arm_ws/install/Robo_description/share/Robo_description/urdf/robot.urdf
-- Up-to-date symlink: /home/ved/arm_ws/install/Robo_description/share/Robo_description/config/display.rviz
-- Up-to-date symlink: /home/ved/arm_ws/install/Robo_description/share/Robo_description/meshes/Link1_v1.stl
-- Up-to-date symlink: /home/ved/arm_ws/install/Robo_description/share/Robo_description/meshes/Link3_v1.stl
-- Up-to-date symlink: /home/ved/arm_ws/install/Robo_description/share/Robo_description/meshes/Link4_v1.stl
-- Up-to-date symlink: /home/ved/arm_ws/install/Robo_description/share/Robo_description/meshes/base_link.stl
-- Up-to-date symlink: /home/ved/arm_ws/install/Robo_description/share/Robo_description/meshes/link2_2.stl
-- Up-to-date symlink: /home/ved/arm_ws/install/Robo_description/share/Robo_description/worlds/room.sdf
-- Up-to-date symlink: /home/ved/arm_ws/install/Robo_description/share/ament_index/resource_index/package_run_dependencies/Robo_description
-- Up-to-date symlink: /home/ved/arm_ws/install/Robo_description/share/ament_index/resource_index/parent_prefix_path/Robo_description
-- Up-to-date symlink: /home/ved/arm_ws/install/Robo_description/share/Robo_description/environment/ament_prefix_path.sh
-- Up-to-date symlink: /home/ved/arm_ws/install/Robo_description/share/Robo_description/environment/ament_prefix_path.dsv
-- Up-to-date symlink: /home/ved/arm_ws/install/Robo_description/share/Robo_description/environment/path.sh
-- Up-to-date symlink: /home/ved/arm_ws/install/Robo_description/share/Robo_description/environment/path.dsv
-- Up-to-date symlink: /home/ved/arm_ws/install/Robo_description/share/Robo_description/local_setup.bash
-- Up-to-date symlink: /home/ved/arm_ws/install/Robo_description/share/Robo_description/local_setup.sh
-- Up-to-date symlink: /home/ved/arm_ws/install/Robo_description/share/Robo_description/local_setup.zsh
-- Up-to-date symlink: /home/ved/arm_ws/install/Robo_description/share/Robo_description/local_setup.dsv
-- Symlinking: /home/ved/arm_ws/install/Robo_description/share/Robo_description/package.dsv
-- Up-to-date symlink: /home/ved/arm_ws/install/Robo_description/share/ament_index/resource_index/packages/Robo_description
-- Up-to-date symlink: /home/ved/arm_ws/install/Robo_description/share/Robo_description/cmake/Robo_descriptionConfig.cmake
-- Up-to-date symlink: /home/ved/arm_ws/install/Robo_description/share/Robo_description/cmake/Robo_descriptionConfig-version.cmake
-- Up-to-date symlink: /home/ved/arm_ws/install/Robo_description/share/Robo_description/package.xml
